
> vite-react-typescript-starter@0.0.0 build
> vite build

[36mvite v5.4.8 [32mbuilding for production...[36m[39m
transforming...
node.exe : Browserslist: c
aniuse-lite is outdated. P
lease run:
At line:1 char:1
+ & "C:\Program Files\node
js/node.exe" "C:\Program F
iles\nodejs/node_mo ...
+ ~~~~~~~~~~~~~~~~~~~~~~~~
~~~~~~~~~~~~~~~~~~~~~~~~~~
~~~~~~~~~~~~~~~~~~~
    + CategoryInfo        
      : NotSpecified: (B  
  rowserslist: c...ed.    
 Please run::String) [    
], RemoteException
    + FullyQualifiedError 
   Id : NativeCommandErr  
  or
 
  npx update-browserslist-
db@latest
  Why you should do it reg
ularly: https://github.com
/browserslist/update-db#re
adme
[32mΓ£ô[39m 2052 modules transformed.
rendering chunks...
computing gzip size...
[2mdist/[22m[32mindex.html                          [39m[1m[2m  0.71 kB[22m[1m[22m[2m Γöé gzip:   0.39 kB[22m
[2mdist/[22m[35massets/index-yGwX2sSV.css           [39m[1m[2m 42.91 kB[22m[1m[22m[2m Γöé gzip:   7.04 kB[22m
[2mdist/[22m[36massets/purify.es-C5KSVp3G.js        [39m[1m[2m 22.74 kB[22m[1m[22m[2m Γöé gzip:   8.79 kB[22m
[2mdist/[22m[36massets/index.es-DXZTb4cW.js         [39m[1m[2m150.62 kB[22m[1m[22m[2m Γöé gzip:  51.55 kB[22m
[2mdist/[22m[36massets/html2canvas.esm-CBrSDip1.js  [39m[1m[2m201.42 kB[22m[1m[22m[2m Γöé gzip:  48.03 kB[22m
[2mdist/[22m[36massets/index-kE8a0FxN.js            [39m[1m[2m321.15 kB[22m[1m[22m[2m Γöé gzip:  91.05 kB[22m
[2mdist/[22m[36massets/index-Ca8FUJ0n.js            [39m[1m[2m383.02 kB[22m[1m[22m[2m Γöé gzip: 110.25 kB[22m
[2mdist/[22m[36massets/jspdf.es.min-CAKPA0fX.js     [39m[1m[2m415.30 kB[22m[1m[22m[2m Γöé gzip: 136.05 kB[22m
[32mΓ£ô built in 6.57s[39m
